08-10 15:13:14.622  6196  6196 I launch_cvd: main.cc:179 Using system_image_dir of: 
Reading --config option from: /home/fangyu/cf-aosp16/android-info.txt
Launching CVD using --config='phone'.
Copy from "/home/fangyu/cf-snapshots/aosp16-ready" to "/home/fangyu/cf-aosp16/cuttlefish"
Path for instance UDS: /tmp/cf_avd_1000
The following lines contain useful debugging information:
  Point your browser to https://localhost:8443 to interact with the device.
  Serial console is disabled; use -console=true to enable it.
  Logcat output: /home/fangyu/cf-aosp16/cuttlefish/instances/cvd-1/logs/logcat
  Kernel log: /home/fangyu/cf-aosp16/cuttlefish/instances/cvd-1/kernel.log
  Launcher log: /home/fangyu/cf-aosp16/cuttlefish/instances/cvd-1/logs/launcher.log
  Instance configuration: /home/fangyu/cf-aosp16/cuttlefish/instances/cvd-1/cuttlefish_config.json
  Launcher Build ID: 15581820
Virtual device restored successfully
===================================================================
NOTICE:

By using this Android Virtual Device, you agree to
Google Terms of Service (https://policies.google.com/terms).
The Google Privacy Policy (https://policies.google.com/privacy)
describes how Google handles information generated as you use
Google Services.
===================================================================

